To honour the JVM settings for this build a single-use Daemon process will be forked. For more on this, please refer to https://docs.gradle.org/8.13/userguide/gradle_daemon.html#sec:disabling_the_daemon in the Gradle documentation.
Daemon will be stopped at the end of the build 
> Task :app:checkKotlinGradlePluginConfigurationErrors SKIPPED
> Task :app:preBuild UP-TO-DATE
> Task :app:preDebugBuild UP-TO-DATE
> Task :app:generateDebugBuildConfig UP-TO-DATE
> Task :app:checkDebugAarMetadata UP-TO-DATE
> Task :app:processDebugNavigationResources UP-TO-DATE
> Task :app:compileDebugNavigationResources UP-TO-DATE
> Task :app:generateDebugResValues UP-TO-DATE
> Task :app:mapDebugSourceSetPaths UP-TO-DATE
> Task :app:generateDebugResources UP-TO-DATE
> Task :app:mergeDebugResources UP-TO-DATE
> Task :app:packageDebugResources UP-TO-DATE
> Task :app:parseDebugLocalResources UP-TO-DATE
> Task :app:createDebugCompatibleScreenManifests UP-TO-DATE
> Task :app:extractDeepLinksDebug UP-TO-DATE
> Task :app:processDebugMainManifest
> Task :app:processDebugManifest
> Task :app:processDebugManifestForPackage
> Task :app:processDebugResources
> Task :app:kspDebugKotlin
> Task :app:compileDebugKotlin
e: file:///C:/Projetos/TavernQuest/app/src/main/java/com/luminor/tavernquest/app/TavernQuestApplication.kt:23:1 Class 'TavernQuestApplication' is not abstract and does not implement abstract member:
val workManagerConfiguration: Configuration
e: file:///C:/Projetos/TavernQuest/app/src/main/java/com/luminor/tavernquest/app/TavernQuestApplication.kt:26:5 'getWorkManagerConfiguration' overrides nothing.
e: file:///C:/Projetos/TavernQuest/app/src/main/java/com/luminor/tavernquest/core/designsystem/hero/HeroSpriteResolver.kt:7:75 'when' expression must be exhaustive. Add an 'else' branch.
e: file:///C:/Projetos/TavernQuest/app/src/main/java/com/luminor/tavernquest/data/repository/RankingRepositoryImpl.kt:10:219 Argument type mismatch: actual type is 'Int', but 'Long' was expected.
e: file:///C:/Projetos/TavernQuest/app/src/main/java/com/luminor/tavernquest/data/repository/RankingRepositoryImpl.kt:10:269 Argument type mismatch: actual type is 'Int', but 'Long' was expected.
e: file:///C:/Projetos/TavernQuest/app/src/main/java/com/luminor/tavernquest/data/repository/RankingRepositoryImpl.kt:10:317 Argument type mismatch: actual type is 'Int', but 'Long' was expected.
e: file:///C:/Projetos/TavernQuest/app/src/main/java/com/luminor/tavernquest/feature/home/HomeViewModel.kt:23:139 Unresolved reference 'observeDay'.
e: file:///C:/Projetos/TavernQuest/app/src/main/java/com/luminor/tavernquest/feature/onboarding/tavern/TavernCreationScreen.kt:3:554 Unresolved reference 'Row'.
e: file:///C:/Projetos/TavernQuest/app/src/main/java/com/luminor/tavernquest/feature/onboarding/tavern/TavernCreationScreen.kt:3:635 @Composable invocations can only happen from the context of a @Composable function
e: file:///C:/Projetos/TavernQuest/app/src/main/java/com/luminor/tavernquest/feature/onboarding/tavern/TavernCreationScreen.kt:3:694 @Composable invocations can only happen from the context of a @Composable function
e: file:///C:/Projetos/TavernQuest/app/src/main/java/com/luminor/tavernquest/feature/tavern/TavernDetailScreen.kt:13:35 Unresolved reference 'Row'.
e: file:///C:/Projetos/TavernQuest/app/src/main/java/com/luminor/tavernquest/feature/tavern/TavernDetailScreen.kt:47:9 Unresolved reference 'Row'.
e: file:///C:/Projetos/TavernQuest/app/src/main/java/com/luminor/tavernquest/feature/tavern/TavernDetailScreen.kt:48:54 @Composable invocations can only happen from the context of a @Composable function
e: file:///C:/Projetos/TavernQuest/app/src/main/java/com/luminor/tavernquest/feature/tavern/TavernDetailScreen.kt:51:13 Unresolved reference 'Row'.
e: file:///C:/Projetos/TavernQuest/app/src/main/java/com/luminor/tavernquest/feature/tavern/TavernDetailScreen.kt:52:65 @Composable invocations can only happen from the context of a @Composable function

> Task :app:compileDebugKotlin FAILED

FAILURE: Build failed with an exception.

* What went wrong:
Execution failed for task ':app:compileDebugKotlin'.
> A failure occurred while executing org.jetbrains.kotlin.compilerRunner.GradleCompilerRunnerWithWorkers$GradleKotlinCompilerWorkAction
   > Compilation error. See log for more details

* Try:
> Run with --stacktrace option to get the stack trace.
> Run with --info or --debug option to get more log output.
> Run with --scan to get full insights.
> Get more help at https://help.gradle.org.

BUILD FAILED in 4m 29s
18 actionable tasks: 6 executed, 12 up-to-date
